继续训练：已载入 versions/step5_hotstart_9x9.bin
=== GoAI 持续自我迭代训练 ===
  棋盘 9x9 · 32ch own vdist33 · 每步 400 次模拟 · 每轮 100 局 · 10 线程
  辅助头：领地 BCE 权重 0.150（数据增强会同步变换归属图）
  值头：33 桶分布（交叉熵；这个数字与以前的 MSE 不可比）
  输出目录 runs_step5_smoke2/  （latest.bin / best.bin / train_log.csv / status.txt）
  模式：训练 2 轮后结束
  [晋级] 对当前最佳胜率 55.0% (±21.8%) -> 更新 best.bin
──────────────────────────────────────────────────────────────
  第 1 轮完成 · 自对弈 100 局 / 9748 局面 · 用时 104.4s
  耗时分布：自对弈 62.1s (60%) · 训练 3.7s (3%) · 评估 38.6s (37%)
  策略损失 2.6220 · 价值损失 2.6053 · 对随机胜率 100.0% · 领地损失 0.6773 · 学习率 0.00020 · 对最佳 55.0%
  累计 100 局 · 已训练 1.7 分钟 · 权重 runs_step5_smoke2/latest.bin
──────────────────────────────────────────────────────────────
  [保留] 对当前最佳胜率 45.0% (±21.8%) -> 保留旧 best.bin
──────────────────────────────────────────────────────────────
  第 2 轮完成 · 自对弈 100 局 / 9404 局面 · 用时 106.6s
  耗时分布：自对弈 62.2s (58%) · 训练 3.7s (3%) · 评估 40.7s (38%)
  策略损失 2.6388 · 价值损失 1.8982 · 对随机胜率 100.0% · 领地损失 0.6511 · 学习率 0.00020 · 对最佳 45.0%
  累计 200 局 · 已训练 3.5 分钟 · 权重 runs_step5_smoke2/latest.bin
──────────────────────────────────────────────────────────────

训练结束（共 2 轮 / 200 局 / 3.5 分钟）。
