继续训练：已载入 versions/step5_hotstart_9x9.bin
=== GoAI 持续自我迭代训练 ===
  棋盘 9x9 · 32ch own vdist33 · 每步 800 次模拟 · 每轮 200 局 · 10 线程
  辅助头：领地 BCE 权重 0.150（数据增强会同步变换归属图）
  值头：33 桶分布（交叉熵；这个数字与以前的 MSE 不可比）
  输出目录 runs_step5/  （latest.bin / best.bin / train_log.csv / status.txt）
  学习率计划：0.00020 起，每 30 轮 ×0.90，下限 0.00002
  模式：持续训练（随时可停止，停止时会保存权重）
  锚点网络：versions/goai9x9_v5_800sims.bin（每 1 轮评估 40 局，用于低噪声进步曲线）
  [锚点] 对固定基准胜率 45.0% (±15.4%，40 局)
──────────────────────────────────────────────────────────────
  第 1 轮完成 · 自对弈 200 局 / 19341 局面 · 用时 294.0s
  耗时分布：自对弈 222.5s (76%) · 训练 4.5s (2%) · 评估 67.0s (23%)
  策略损失 2.5981 · 价值损失 2.5153 · 对随机胜率 100.0% · 领地损失 0.6735 · 学习率 0.00020
  累计 200 局 · 已训练 4.9 分钟 · 权重 runs_step5/latest.bin
──────────────────────────────────────────────────────────────
  [锚点] 对固定基准胜率 47.5% (±15.5%，40 局)
──────────────────────────────────────────────────────────────
  第 2 轮完成 · 自对弈 200 局 / 19020 局面 · 用时 301.7s
  耗时分布：自对弈 224.7s (74%) · 训练 4.5s (2%) · 评估 72.5s (24%)
  策略损失 2.6102 · 价值损失 1.9936 · 对随机胜率 100.0% · 领地损失 0.6438 · 学习率 0.00020
  累计 400 局 · 已训练 9.9 分钟 · 权重 runs_step5/latest.bin
──────────────────────────────────────────────────────────────
  [锚点] 对固定基准胜率 40.0% (±15.2%，40 局)
──────────────────────────────────────────────────────────────
  第 3 轮完成 · 自对弈 200 局 / 19411 局面 · 用时 303.1s
  耗时分布：自对弈 228.5s (75%) · 训练 4.6s (2%) · 评估 70.1s (23%)
  策略损失 2.6246 · 价值损失 1.6535 · 对随机胜率 100.0% · 领地损失 0.6250 · 学习率 0.00020
  累计 600 局 · 已训练 15.0 分钟 · 权重 runs_step5/latest.bin
──────────────────────────────────────────────────────────────
  [锚点] 对固定基准胜率 35.0% (±14.8%，40 局)
──────────────────────────────────────────────────────────────
  第 4 轮完成 · 自对弈 200 局 / 19601 局面 · 用时 308.0s
  耗时分布：自对弈 232.6s (76%) · 训练 4.6s (1%) · 评估 70.8s (23%)
  策略损失 2.6406 · 价值损失 1.3459 · 对随机胜率 100.0% · 领地损失 0.6102 · 学习率 0.00020
  累计 800 局 · 已训练 20.1 分钟 · 权重 runs_step5/latest.bin
──────────────────────────────────────────────────────────────
