继续训练：已载入 runs13/best.bin（残差块 0 -> 2，共享权重已迁移）
=== GoAI 持续自我迭代训练 ===
  棋盘 13x13 · 32 通道 · 每步 160 次模拟 · 每轮 100 局 · 10 线程
  输出目录 runs_blk2/  （latest.bin / best.bin / train_log.csv / status.txt）
  学习率计划：0.00100 起，每 40 轮 ×0.90，下限 0.00005
  模式：持续训练（随时可停止，停止时会保存权重）
  锚点网络：versions/goai13x13_warm.bin（每 10 轮评估 30 局，用于低噪声进步曲线）
──────────────────────────────────────────────────────────────
  第 1 轮完成 · 自对弈 100 局 / 19562 局面 · 用时 479.6s
  耗时分布：自对弈 427.4s (89%) · 训练 38.2s (8%) · 评估 14.1s (3%)
  策略损失 3.4664 · 价值损失 0.6767 · 对随机胜率 91.7% · 学习率 0.00100
  累计 100 局 · 已训练 8.0 分钟 · 权重 runs_blk2/latest.bin
──────────────────────────────────────────────────────────────
──────────────────────────────────────────────────────────────
  第 2 轮完成 · 自对弈 100 局 / 19515 局面 · 用时 436.0s
  耗时分布：自对弈 383.5s (88%) · 训练 37.7s (9%) · 评估 14.8s (3%)
  策略损失 3.4655 · 价值损失 0.7264 · 对随机胜率 100.0% · 学习率 0.00100
  累计 200 局 · 已训练 15.3 分钟 · 权重 runs_blk2/latest.bin
──────────────────────────────────────────────────────────────

收到停止请求：本轮只跑了部分对局，直接保存当前权重后退出。

训练已停止（共 2 轮 / 200 局 / 16.4 分钟），权重保存在 runs_blk2/latest.bin
ns_blk2/  （latest.bin / best.bin / train_log.csv / status.txt）
  学习率计划：0.00100 起，每 40 轮 ×0.90，下限 0.00005
  模式：持续训练（随时可停止，停止时会保存权重）
  锚点网络：versions/goai13x13_warm.bin（每 10 轮评估 30 局，用于低噪声进步曲线）
──────────────────────────────────────────────────────────────
  第 3 轮完成 · 自对弈 100 局 / 18845 局面 · 用时 432.8s
  耗时分布：自对弈 381.6s (88%) · 训练 37.4s (9%) · 评估 13.8s (3%)
  策略损失 3.3457 · 价值损失 0.6726 · 对随机胜率 100.0% · 学习率 0.00100
  累计 300 局 · 已训练 7.2 分钟 · 权重 runs_blk2/latest.bin
──────────────────────────────────────────────────────────────
──────────────────────────────────────────────────────────────
  第 4 轮完成 · 自对弈 100 局 / 18497 局面 · 用时 414.1s
  耗时分布：自对弈 363.6s (88%) · 训练 37.3s (9%) · 评估 13.1s (3%)
  策略损失 3.3944 · 价值损失 0.6745 · 对随机胜率 100.0% · 学习率 0.00100
  累计 400 局 · 已训练 14.1 分钟 · 权重 runs_blk2/latest.bin
──────────────────────────────────────────────────────────────
  [保留] 对当前最佳胜率 15.0% (±11.1%) -> 保留旧 best.bin
──────────────────────────────────────────────────────────────
  第 5 轮完成 · 自对弈 100 局 / 18653 局面 · 用时 484.5s
  耗时分布：自对弈 343.4s (71%) · 训练 37.3s (8%) · 评估 103.8s (21%)
  策略损失 3.3872 · 价值损失 0.6431 · 对随机胜率 91.7% · 学习率 0.00100 · 对最佳 15.0%
  累计 500 局 · 已训练 22.2 分钟 · 权重 runs_blk2/latest.bin
──────────────────────────────────────────────────────────────
──────────────────────────────────────────────────────────────
  第 6 轮完成 · 自对弈 100 局 / 19460 局面 · 用时 426.9s
  耗时分布：自对弈 375.5s (88%) · 训练 37.4s (9%) · 评估 14.0s (3%)
  策略损失 3.3075 · 价值损失 0.6370 · 对随机胜率 100.0% · 学习率 0.00100
  累计 600 局 · 已训练 29.3 分钟 · 权重 runs_blk2/latest.bin
──────────────────────────────────────────────────────────────
──────────────────────────────────────────────────────────────
  第 7 轮完成 · 自对弈 100 局 / 19130 局面 · 用时 396.9s
  耗时分布：自对弈 345.4s (87%) · 训练 37.4s (9%) · 评估 14.0s (4%)
  策略损失 3.3771 · 价值损失 0.7167 · 对随机胜率 91.7% · 学习率 0.00100
  累计 700 局 · 已训练 35.9 分钟 · 权重 runs_blk2/latest.bin
──────────────────────────────────────────────────────────────
──────────────────────────────────────────────────────────────
  第 8 轮完成 · 自对弈 100 局 / 19736 局面 · 用时 409.9s
  耗时分布：自对弈 359.5s (88%) · 训练 37.3s (9%) · 评估 13.1s (3%)
  策略损失 3.4421 · 价值损失 0.6885 · 对随机胜率 91.7% · 学习率 0.00100
  累计 800 局 · 已训练 42.8 分钟 · 权重 runs_blk2/latest.bin
──────────────────────────────────────────────────────────────
──────────────────────────────────────────────────────────────
  第 9 轮完成 · 自对弈 100 局 / 19165 局面 · 用时 398.5s
  耗时分布：自对弈 349.4s (88%) · 训练 37.3s (9%) · 评估 11.8s (3%)
  策略损失 3.3967 · 价值损失 0.7061 · 对随机胜率 100.0% · 学习率 0.00100
  累计 900 局 · 已训练 49.4 分钟 · 权重 runs_blk2/latest.bin
──────────────────────────────────────────────────────────────
  [锚点] 对固定基准胜率 43.3% (±17.7%，30 局)
  [保留] 对当前最佳胜率 27.5% (±13.8%) -> 保留旧 best.bin
──────────────────────────────────────────────────────────────
  第 10 轮完成 · 自对弈 100 局 / 19487 局面 · 用时 549.7s
  耗时分布：自对弈 357.5s (65%) · 训练 37.3s (7%) · 评估 154.8s (28%)
  策略损失 3.4046 · 价值损失 0.6253 · 对随机胜率 83.3% · 学习率 0.00100 · 对最佳 27.5%
  累计 1000 局 · 已训练 58.6 分钟 · 权重 runs_blk2/latest.bin
──────────────────────────────────────────────────────────────
──────────────────────────────────────────────────────────────
  第 11 轮完成 · 自对弈 100 局 / 20094 局面 · 用时 427.7s
  耗时分布：自对弈 377.5s (88%) · 训练 37.4s (9%) · 评估 12.8s (3%)
  策略损失 3.3588 · 价值损失 0.6657 · 对随机胜率 91.7% · 学习率 0.00100
  累计 1100 局 · 已训练 65.7 分钟 · 权重 runs_blk2/latest.bin
──────────────────────────────────────────────────────────────
──────────────────────────────────────────────────────────────
  第 12 轮完成 · 自对弈 100 局 / 18955 局面 · 用时 408.7s
  耗时分布：自对弈 357.5s (87%) · 训练 37.3s (9%) · 评估 13.9s (3%)
  策略损失 3.3260 · 价值损失 0.7245 · 对随机胜率 91.7% · 学习率 0.00100
  累计 1200 局 · 已训练 72.5 分钟 · 权重 runs_blk2/latest.bin
──────────────────────────────────────────────────────────────
──────────────────────────────────────────────────────────────
  第 13 轮完成 · 自对弈 100 局 / 19552 局面 · 用时 412.1s
  耗时分布：自对弈 361.5s (88%) · 训练 37.4s (9%) · 评估 13.1s (3%)
  策略损失 3.2858 · 价值损失 0.6202 · 对随机胜率 75.0% · 学习率 0.00100
  累计 1300 局 · 已训练 79.4 分钟 · 权重 runs_blk2/latest.bin
──────────────────────────────────────────────────────────────
──────────────────────────────────────────────────────────────
  第 14 轮完成 · 自对弈 100 局 / 18907 局面 · 用时 414.5s
  耗时分布：自对弈 363.5s (88%) · 训练 37.3s (9%) · 评估 13.7s (3%)
  策略损失 3.2797 · 价值损失 0.5853 · 对随机胜率 83.3% · 学习率 0.00100
  累计 1400 局 · 已训练 86.3 分钟 · 权重 runs_blk2/latest.bin
──────────────────────────────────────────────────────────────
  [保留] 对当前最佳胜率 32.5% (±14.5%) -> 保留旧 best.bin
  [回滚] 连续 3 次对最佳胜率 < 45%，判定退化 -> 载入 best.bin
  [回滚] 已回到最佳权重，Adam 状态清零，学习率 0.00100
──────────────────────────────────────────────────────────────
  第 15 轮完成 · 自对弈 100 局 / 19354 局面 · 用时 516.1s
  耗时分布：自对弈 357.5s (69%) · 训练 37.3s (7%) · 评估 121.3s (24%)
  策略损失 3.2882 · 价值损失 0.6511 · 对随机胜率 91.7% · 学习率 0.00100 · 对最佳 32.5%
  累计 1500 局 · 已训练 94.9 分钟 · 权重 runs_blk2/latest.bin
──────────────────────────────────────────────────────────────
──────────────────────────────────────────────────────────────
  第 16 轮完成 · 自对弈 100 局 / 20315 局面 · 用时 432.4s
  耗时分布：自对弈 381.6s (88%) · 训练 37.5s (9%) · 评估 13.3s (3%)
  策略损失 3.5161 · 价值损失 0.6658 · 对随机胜率 100.0% · 学习率 0.00100
  累计 1600 局 · 已训练 102.1 分钟 · 权重 runs_blk2/latest.bin
──────────────────────────────────────────────────────────────
