继续训练：已载入 versions/goai9x9_v3_33kgames.bin
=== GoAI 持续自我迭代训练 ===
  棋盘 9x9 · 32 通道 · 每步 140 次模拟 · 每轮 40 局 · 10 线程
  输出目录 runs_v4/  （latest.bin / best.bin / train_log.csv / status.txt）
  学习率计划：0.00500 起，每 100 轮 ×0.85，下限 0.00050
  模式：持续训练（随时可停止，停止时会保存权重）
  锚点网络：versions/goai9x9_v3_33kgames.bin（每 10 轮评估 20 局，用于低噪声进步曲线）
──────────────────────────────────────────────────────────────
  第 1 轮完成 · 自对弈 40 局 / 3766 局面 · 用时 54.4s
  策略损失 2.7398 · 价值损失 0.7475 · 对随机胜率 100.0% · 学习率 0.00500
  累计 40 局 · 已训练 0.9 分钟 · 权重 runs_v4/latest.bin
──────────────────────────────────────────────────────────────
──────────────────────────────────────────────────────────────
  第 2 轮完成 · 自对弈 40 局 / 3674 局面 · 用时 54.2s
  策略损失 2.7809 · 价值损失 0.6847 · 对随机胜率 91.7% · 学习率 0.00500
  累计 80 局 · 已训练 1.8 分钟 · 权重 runs_v4/latest.bin
──────────────────────────────────────────────────────────────
──────────────────────────────────────────────────────────────
  第 3 轮完成 · 自对弈 40 局 / 3814 局面 · 用时 55.5s
  策略损失 2.8055 · 价值损失 0.7153 · 对随机胜率 100.0% · 学习率 0.00500
  累计 120 局 · 已训练 2.7 分钟 · 权重 runs_v4/latest.bin
──────────────────────────────────────────────────────────────
──────────────────────────────────────────────────────────────
  第 4 轮完成 · 自对弈 40 局 / 3762 局面 · 用时 55.6s
  策略损失 2.8412 · 价值损失 0.7286 · 对随机胜率 100.0% · 学习率 0.00500
  累计 160 局 · 已训练 3.7 分钟 · 权重 runs_v4/latest.bin
──────────────────────────────────────────────────────────────
  [保留] 对当前最佳胜率 40.0% (±15.2%) -> 保留旧 best.bin
──────────────────────────────────────────────────────────────
  第 5 轮完成 · 自对弈 40 局 / 3975 局面 · 用时 94.0s
  策略损失 2.8394 · 价值损失 0.7283 · 对随机胜率 100.0% · 学习率 0.00500 · 对最佳 40.0%
  累计 200 局 · 已训练 5.2 分钟 · 权重 runs_v4/latest.bin
──────────────────────────────────────────────────────────────
──────────────────────────────────────────────────────────────
  第 6 轮完成 · 自对弈 40 局 / 3671 局面 · 用时 54.3s
  策略损失 2.8415 · 价值损失 0.7111 · 对随机胜率 91.7% · 学习率 0.00500
  累计 240 局 · 已训练 6.1 分钟 · 权重 runs_v4/latest.bin
──────────────────────────────────────────────────────────────
